[Pilot003] libPaths: /home/shivam/R/library;/usr/local/lib/R/site-library;/usr/lib/R/site-library;/usr/lib/R/library 
[Pilot003] R version: 4.5.2 
[CIMEHR] version: 0.1.0  expected 0.1.0 2026-06-08
[CIMEHR] vignette path: /usr/local/lib/R/site-library/CIMEHR/doc/getting-started.html 
[CIMEHR] available: TRUE 
[CIMEHR] vignette exists: TRUE 
[CIMEHR] exported objects: available_comparison_methods, bootstrap, CIMEHR, CIMEHR_timevarying_integral, CIMEHR_timevarying_ou, coef_stage, EHRJoint, extract_coefficient, Inverse_intensity_rate_ratio_balancing, Inverse_intensity_rate_ratio_weighting, Joint_modeling_visiting_and_longitudinal_Liang, Linear_increment, Linear_increment_IP, Linear_mixed_model, method_comparisons, Multiple_imputation, Multiple_imputation_IP, Pairwise_likelihood, sim_data_gen, sim_ehr_data, summary_observation, summary_outcome, Summary_stat, summary_visiting 
[Deps] lme4: TRUE  pROC: TRUE 
Type 'citation("pROC")' for a citation.

Attaching package: ‘pROC’

The following objects are masked from ‘package:stats’:

    cov, smooth, var

[Config] N=300 per rep, gamma_v cells=0,0.8, reps=20, twin variants

[Cell] gamma_v=0.0 variant=outcome
Setting levels: control = 0, case = 1
Setting direction: controls < cases
Setting levels: control = 0, case = 1
Setting direction: controls < cases
 rep1 lmm_auc=0.765 gbm_auc=0.779 lmm_slope=1.000 gbm_slope=1.000
Setting levels: control = 0, case = 1
Setting direction: controls < cases
Setting levels: control = 0, case = 1
Setting direction: controls < cases
Setting levels: control = 0, case = 1
Setting direction: controls < cases
Setting levels: control = 0, case = 1
Setting direction: controls < cases
Setting levels: control = 0, case = 1
Setting direction: controls < cases
Setting levels: control = 0, case = 1
Setting direction: controls < cases
Setting levels: control = 0, case = 1
Setting direction: controls < cases
Setting levels: control = 0, case = 1
Setting direction: controls < cases
Setting levels: control = 0, case = 1
Setting direction: controls < cases
Setting levels: control = 0, case = 1
Setting direction: controls < cases
Setting levels: control = 0, case = 1
Setting direction: controls < cases
Setting levels: control = 0, case = 1
Setting direction: controls < cases
Setting levels: control = 0, case = 1
Setting direction: controls < cases
Setting levels: control = 0, case = 1
Setting direction: controls < cases
Setting levels: control = 0, case = 1
Setting direction: controls < cases
Setting levels: control = 0, case = 1
Setting direction: controls < cases
Setting levels: control = 0, case = 1
Setting direction: controls < cases
Setting levels: control = 0, case = 1
Setting direction: controls < cases
Setting levels: control = 0, case = 1
Setting direction: controls < cases
Setting levels: control = 0, case = 1
Setting direction: controls < cases
Setting levels: control = 0, case = 1
Setting direction: controls < cases
Setting levels: control = 0, case = 1
Setting direction: controls < cases
Setting levels: control = 0, case = 1
Setting direction: controls < cases
Setting levels: control = 0, case = 1
Setting direction: controls < cases
Setting levels: control = 0, case = 1
Setting direction: controls < cases
Setting levels: control = 0, case = 1
Setting direction: controls < cases
Setting levels: control = 0, case = 1
Setting direction: controls < cases
Setting levels: control = 0, case = 1
Setting direction: controls < cases
Setting levels: control = 0, case = 1
Setting direction: controls < cases
Setting levels: control = 0, case = 1
Setting direction: controls < cases
Setting levels: control = 0, case = 1
Setting direction: controls < cases
Setting levels: control = 0, case = 1
Setting direction: controls < cases
Setting levels: control = 0, case = 1
Setting direction: controls < cases
Setting levels: control = 0, case = 1
Setting direction: controls < cases
Setting levels: control = 0, case = 1
Setting direction: controls < cases
Setting levels: control = 0, case = 1
Setting direction: controls < cases
Setting levels: control = 0, case = 1
Setting direction: controls < cases
Setting levels: control = 0, case = 1
Setting direction: controls < cases

[Cell] gamma_v=0.0 variant=treatment
Setting levels: control = 0, case = 1
Setting direction: controls < cases
Setting levels: control = 0, case = 1
Setting direction: controls < cases
 rep1 lmm_auc=0.806 gbm_auc=0.808 lmm_slope=1.000 gbm_slope=1.000
Setting levels: control = 0, case = 1
Setting direction: controls < cases
Setting levels: control = 0, case = 1
Setting direction: controls < cases
Setting levels: control = 0, case = 1
Setting direction: controls < cases
Setting levels: control = 0, case = 1
Setting direction: controls < cases
Setting levels: control = 0, case = 1
Setting direction: controls < cases
Setting levels: control = 0, case = 1
Setting direction: controls < cases
Setting levels: control = 0, case = 1
Setting direction: controls < cases
Setting levels: control = 0, case = 1
Setting direction: controls < cases
Setting levels: control = 0, case = 1
Setting direction: controls < cases
Setting levels: control = 0, case = 1
Setting direction: controls < cases
Setting levels: control = 0, case = 1
Setting direction: controls < cases
Setting levels: control = 0, case = 1
Setting direction: controls < cases
Setting levels: control = 0, case = 1
Setting direction: controls < cases
Setting levels: control = 0, case = 1
Setting direction: controls < cases
Setting levels: control = 0, case = 1
Setting direction: controls < cases
Setting levels: control = 0, case = 1
Setting direction: controls < cases
Setting levels: control = 0, case = 1
Setting direction: controls < cases
Setting levels: control = 0, case = 1
Setting direction: controls < cases
Setting levels: control = 0, case = 1
Setting direction: controls < cases
Setting levels: control = 0, case = 1
Setting direction: controls < cases
Setting levels: control = 0, case = 1
Setting direction: controls < cases
Setting levels: control = 0, case = 1
Setting direction: controls < cases
Setting levels: control = 0, case = 1
Setting direction: controls < cases
Setting levels: control = 0, case = 1
Setting direction: controls < cases
Setting levels: control = 0, case = 1
Setting direction: controls < cases
Setting levels: control = 0, case = 1
Setting direction: controls < cases
Setting levels: control = 0, case = 1
Setting direction: controls < cases
Setting levels: control = 0, case = 1
Setting direction: controls < cases
Setting levels: control = 0, case = 1
Setting direction: controls < cases
Setting levels: control = 0, case = 1
Setting direction: controls < cases
Setting levels: control = 0, case = 1
Setting direction: controls < cases
Setting levels: control = 0, case = 1
Setting direction: controls < cases
Setting levels: control = 0, case = 1
Setting direction: controls < cases
Setting levels: control = 0, case = 1
Setting direction: controls < cases
Setting levels: control = 0, case = 1
Setting direction: controls < cases
Setting levels: control = 0, case = 1
Setting direction: controls < cases
Setting levels: control = 0, case = 1
Setting direction: controls < cases
Setting levels: control = 0, case = 1
Setting direction: controls < cases

[Cell] gamma_v=0.8 variant=outcome
Setting levels: control = 0, case = 1
Setting direction: controls < cases
Setting levels: control = 0, case = 1
Setting direction: controls < cases
 rep1 lmm_auc=0.694 gbm_auc=0.689 lmm_slope=1.000 gbm_slope=1.000
Setting levels: control = 0, case = 1
Setting direction: controls < cases
Setting levels: control = 0, case = 1
Setting direction: controls < cases
Setting levels: control = 0, case = 1
Setting direction: controls < cases
Setting levels: control = 0, case = 1
Setting direction: controls < cases
Setting levels: control = 0, case = 1
Setting direction: controls < cases
Setting levels: control = 0, case = 1
Setting direction: controls < cases
Setting levels: control = 0, case = 1
Setting direction: controls < cases
Setting levels: control = 0, case = 1
Setting direction: controls < cases
Setting levels: control = 0, case = 1
Setting direction: controls < cases
Setting levels: control = 0, case = 1
Setting direction: controls < cases
Setting levels: control = 0, case = 1
Setting direction: controls < cases
Setting levels: control = 0, case = 1
Setting direction: controls < cases
Setting levels: control = 0, case = 1
Setting direction: controls < cases
Setting levels: control = 0, case = 1
Setting direction: controls < cases
Setting levels: control = 0, case = 1
Setting direction: controls < cases
Setting levels: control = 0, case = 1
Setting direction: controls < cases
Setting levels: control = 0, case = 1
Setting direction: controls < cases
Setting levels: control = 0, case = 1
Setting direction: controls < cases
Setting levels: control = 0, case = 1
Setting direction: controls < cases
Setting levels: control = 0, case = 1
Setting direction: controls < cases
Setting levels: control = 0, case = 1
Setting direction: controls < cases
Setting levels: control = 0, case = 1
Setting direction: controls < cases
Setting levels: control = 0, case = 1
Setting direction: controls < cases
Setting levels: control = 0, case = 1
Setting direction: controls < cases
Setting levels: control = 0, case = 1
Setting direction: controls < cases
Setting levels: control = 0, case = 1
Setting direction: controls < cases
Setting levels: control = 0, case = 1
Setting direction: controls < cases
Setting levels: control = 0, case = 1
Setting direction: controls < cases
Setting levels: control = 0, case = 1
Setting direction: controls < cases
Setting levels: control = 0, case = 1
Setting direction: controls < cases
Setting levels: control = 0, case = 1
Setting direction: controls < cases
Setting levels: control = 0, case = 1
Setting direction: controls < cases
Setting levels: control = 0, case = 1
Setting direction: controls < cases
Setting levels: control = 0, case = 1
Setting direction: controls < cases
Setting levels: control = 0, case = 1
Setting direction: controls < cases
Setting levels: control = 0, case = 1
Setting direction: controls < cases
Setting levels: control = 0, case = 1
Setting direction: controls < cases
Setting levels: control = 0, case = 1
Setting direction: controls < cases

[Cell] gamma_v=0.8 variant=treatment
Setting levels: control = 0, case = 1
Setting direction: controls < cases
Setting levels: control = 0, case = 1
Setting direction: controls < cases
 rep1 lmm_auc=0.728 gbm_auc=0.733 lmm_slope=1.000 gbm_slope=1.000
Setting levels: control = 0, case = 1
Setting direction: controls < cases
Setting levels: control = 0, case = 1
Setting direction: controls < cases
Setting levels: control = 0, case = 1
Setting direction: controls < cases
Setting levels: control = 0, case = 1
Setting direction: controls < cases
Setting levels: control = 0, case = 1
Setting direction: controls < cases
Setting levels: control = 0, case = 1
Setting direction: controls < cases
Setting levels: control = 0, case = 1
Setting direction: controls < cases
Setting levels: control = 0, case = 1
Setting direction: controls < cases
Setting levels: control = 0, case = 1
Setting direction: controls < cases
Setting levels: control = 0, case = 1
Setting direction: controls < cases
Setting levels: control = 0, case = 1
Setting direction: controls < cases
Setting levels: control = 0, case = 1
Setting direction: controls < cases
Setting levels: control = 0, case = 1
Setting direction: controls < cases
Setting levels: control = 0, case = 1
Setting direction: controls < cases
Setting levels: control = 0, case = 1
Setting direction: controls < cases
Setting levels: control = 0, case = 1
Setting direction: controls < cases
Setting levels: control = 0, case = 1
Setting direction: controls < cases
Setting levels: control = 0, case = 1
Setting direction: controls < cases
Setting levels: control = 0, case = 1
Setting direction: controls < cases
Setting levels: control = 0, case = 1
Setting direction: controls < cases
Setting levels: control = 0, case = 1
Setting direction: controls < cases
Setting levels: control = 0, case = 1
Setting direction: controls < cases
Setting levels: control = 0, case = 1
Setting direction: controls < cases
Setting levels: control = 0, case = 1
Setting direction: controls < cases
Setting levels: control = 0, case = 1
Setting direction: controls < cases
Setting levels: control = 0, case = 1
Setting direction: controls < cases
Setting levels: control = 0, case = 1
Setting direction: controls < cases
Setting levels: control = 0, case = 1
Setting direction: controls < cases
Setting levels: control = 0, case = 1
Setting direction: controls < cases
Setting levels: control = 0, case = 1
Setting direction: controls < cases
Setting levels: control = 0, case = 1
Setting direction: controls < cases
Setting levels: control = 0, case = 1
Setting direction: controls < cases
Setting levels: control = 0, case = 1
Setting direction: controls < cases
Setting levels: control = 0, case = 1
Setting direction: controls < cases
Setting levels: control = 0, case = 1
Setting direction: controls < cases
Setting levels: control = 0, case = 1
Setting direction: controls < cases
Setting levels: control = 0, case = 1
Setting direction: controls < cases
Setting levels: control = 0, case = 1
Setting direction: controls < cases
  gamma_v   variant   lmm_auc   gbm_auc lmm_slope gbm_slope lmm_intercept
1     0.0   outcome 0.7763658 0.7836324         1         1 -9.717518e-11
2     0.0 treatment 0.7869928 0.7919112         1         1 -8.296370e-11
3     0.8   outcome 0.7882251 0.7942725         1         1  7.045910e-10
4     0.8 treatment 0.7831789 0.7920548         1         1 -1.710008e-09
  gbm_intercept  lmm_nb10  gbm_nb10  lmm_nb20  gbm_nb20 lmm_coverage_slope
1 -5.321333e-10 0.7827778 0.7828519 0.7565417 0.7562917                  1
2  3.900677e-10 0.7759259 0.7759444 0.7488333 0.7487917                  1
3 -1.267444e-07 0.7719259 0.7716481 0.7432500 0.7433333                  1
4 -1.254950e-09 0.7802222 0.7802778 0.7531250 0.7531667                  1
  gbm_coverage_slope mean_visits prevalence gbm_winrate_auc
1                  1    6.008333  0.8043333            0.90
2                  1    6.041500  0.7981667            0.85
3                  1    7.570000  0.7946667            0.80
4                  1    7.645500  0.8021667            0.90
[Saved] outputs/pilot_003_rep_level.csv rows 80 
[Saved] outputs/pilot_003_cell_calibration.csv
Setting levels: control = 0, case = 1
Setting direction: controls < cases
Setting levels: control = 0, case = 1
Setting direction: controls < cases
Setting levels: control = 0, case = 1
Setting direction: controls < cases
Setting levels: control = 0, case = 1
Setting direction: controls < cases
[Saved] calibration stubs

[Decision rule stub]
Non-inferior calibration: slope 0.8-1.2 AND intercept |.|<0.3 per Van Calster
Coverage: slope coverage rate >80%
Superior DCA: GBM NB > LMM NB at pt=0.10 or 0.20
gamma_v=0.0 variant=outcome: LMM cal_ok=TRUE (slope 1.00 int -0.00 cov 1.00) GBM cal_ok=TRUE (slope 1.00 int -0.00 cov 1.00) GBMwin 0.90 NB10 LMM 0.783 vs GBM 0.783
gamma_v=0.0 variant=treatment: LMM cal_ok=TRUE (slope 1.00 int -0.00 cov 1.00) GBM cal_ok=TRUE (slope 1.00 int 0.00 cov 1.00) GBMwin 0.85 NB10 LMM 0.776 vs GBM 0.776
gamma_v=0.8 variant=outcome: LMM cal_ok=TRUE (slope 1.00 int 0.00 cov 1.00) GBM cal_ok=TRUE (slope 1.00 int -0.00 cov 1.00) GBMwin 0.80 NB10 LMM 0.772 vs GBM 0.772
gamma_v=0.8 variant=treatment: LMM cal_ok=TRUE (slope 1.00 int -0.00 cov 1.00) GBM cal_ok=TRUE (slope 1.00 int -0.00 cov 1.00) GBMwin 0.90 NB10 LMM 0.780 vs GBM 0.780

[CIMEHR fallback note] Simulator uses manual 3-process generative spec mirroring CIMEHR/Liang (shared frailty b_i, visit intensity lambda_V*exp(gamma_v*b), observation logit, longitudinal Y with random intercept+slope). CIMEHR package installed and vignette verified (0.1.0), but dry-run uses manual R simulation for transparency and to avoid heavy vignette runtime - honest fallback logged.
[Done] Pilot003 complete
