=== FULL RUN 007 — Ahlqvist centroids vs de-novo on N=8k synthetic UKB-SA proxy ===
Seed 20260830, 2026-08-31 12:17:11 IST, python 3.11.15
sklearn 1.9.0 pandas 3.0.5 numpy 2.4.3
Data tier: B staged — UKB-SA 8k synthetic proxy (DUA pending), CARRS/ICMR-INDIAB restricted Honest synthetic proxy per OSF 007
Lock: Ahlqvist 2018 centroid Table 1 supplements, 5 clusters SAID/SIDD/SIRD/MOD/MARD, 6 vars GADA/age/BMI/HbA1c/HOMA2B/HOMA2IR
Git anchor: 8824caa (Cycle11 brief), commitments: completeness85% ARI>=0.60 SMD0.1 ESS>70%

--- Step 1: Generate N=8k synthetic UKB-SA proxy (ICMR-INDIAB age distribution) ---
  Generated N=8000 rows, 6 vars GADA/age/BMI/HbA1c/HOMA2-B/HOMA2-IR
    GADA       mean 0.055 sd 0.229 min 0.00 max 1.00
    age        mean 44.531 sd 10.939 min 18.00 max 80.00
    BMI        mean 26.839 sd 4.251 min 16.00 max 41.91
    HbA1c      mean 8.048 sd 1.719 min 5.00 max 14.00
    HOMA2_B    mean 61.970 sd 39.789 min 5.13 max 250.00
    HOMA2_IR   mean 2.465 sd 1.275 min 0.40 max 8.00
  GADA prevalence 0.0554 (simulated 5.5% per Ahlqvist ICMR-INDIAB, CARRS GADA pending DUA)
  Age mean SA 44.5 vs ANDIS 57.5 (ICMR-INDIAB younger -5 to -10y) per Anjana Lancet 2023
  BMI mean SA 26.8 vs ANDIS 30.2 (SA thin-fat lower threshold)

--- Step 2: Positivity SMD (SA proxy vs ANDIS source) ---
  SMD GADA       = -0.020 OK
  SMD age        = -1.104 |SMD|>0.1 FAIL
  SMD BMI        = -0.724 |SMD|>0.1 FAIL
  SMD HbA1c      = +0.027 OK
  SMD HOMA2_B    = +0.198 |SMD|>0.1 FAIL
  SMD HOMA2_IR   = -0.028 OK
  SMD fail count |SMD|>0.1: 3/6 (50.0%) — threshold <10% adequate, >=30% failure per OSF

--- Step 3: Transport labels (European centroids, ANDIS-standardized Euclidean) vs de-novo k=5 ---
  Centroids (ANDIS): SAID [1, 32.5, 27.2, 11.1, 24.0, 1.2], SIDD [0, 56.7, 28.5, 10.2, 23.0, 1.6], SIRD [0, 65.1, 33.9, 7.2, 84.0, 4.1], MOD [0, 49.1, 33.8, 7.1, 71.0, 2.9], MARD [0, 67.4, 27.8, 6.8, 49.0, 1.9]
  ANDIS mean [0.06, 57.5, 30.2, 8.0, 55.0, 2.5] SD [0.237, 12.5, 5.0, 1.8, 30.0, 1.2]
  Completeness (dist <= 5.0 ~2SD aggregated): 98.36%  n_assigned 7869/8000
    threshold >=85% transports, <85% fails per OSF (Honest CARRS note: if <10% post-DUA, 6-var->sensitivity-only)
    verdict: TRANSPORTS
  MinDist stats: mean 2.32 median 2.17 90th 3.44 max 7.58
    Transport SAID  n= 412 prop 0.051
    Transport SIDD  n=2290 prop 0.286
    Transport SIRD  n= 504 prop 0.063
    Transport MOD   n=3287 prop 0.411
    Transport MARD  n=1507 prop 0.188

  De-novo k=5: StandardScaler on SA proxy + KMeans(k=5, n_init=20, random_state=20260830)
  Silhouette transport 0.107 de-novo 0.174 (threshold transport <0.25 vs de-novo >0.40 = failure)
  ARI transport vs de-novo = 0.250 (threshold >=0.60 substantial transports, <0.40 fails per OSF / Landis & Koch)
  ESS stub (IOPW simulation, S-score AUC proxy) ESS=7934 ESS/n=99.2% (threshold >70% adequate, <50% failure)
  S-score AUC stub ~0.73 (threshold <0.70 adequate, >0.80 failure, severe >0.85)
  Trimming at 10% would trim 10.0% (threshold <15% adequate, >30% failure -> ATO drift)

--- Step 4: Cluster profiles (transport vs de-novo) ---
  Transport profiles:
    SAID  n= 412 prop 0.051 age 43.4±10.6 BMI 26.7 HbA1c 8.2 HOMA2_B 58 HOMA2_IR 2.43 GADA 1.000
    SIDD  n=2290 prop 0.286 age 44.1±10.1 BMI 25.9 HbA1c 9.6 HOMA2_B 41 HOMA2_IR 2.03 GADA 0.000
    SIRD  n= 504 prop 0.063 age 53.4±9.8 BMI 27.5 HbA1c 8.1 HOMA2_B 103 HOMA2_IR 4.91 GADA 0.034
    MOD   n=3287 prop 0.411 age 39.4±9.0 BMI 28.4 HbA1c 7.5 HOMA2_B 75 HOMA2_IR 2.62 GADA 0.003
    MARD  n=1507 prop 0.188 age 53.6±8.7 BMI 24.7 HbA1c 6.9 HOMA2_B 53 HOMA2_IR 1.98 GADA 0.003
  De-novo profiles:
    SAID  n=2760 prop 0.345 age 40.1±10.1 BMI 28.1 HbA1c 6.9 HOMA2_B 49 HOMA2_IR 2.04 GADA 0.000
    SIDD  n=2678 prop 0.335 age 48.9±10.2 BMI 25.6 HbA1c 9.3 HOMA2_B 50 HOMA2_IR 2.02 GADA 0.000
    SIRD  n=1112 prop 0.139 age 44.7±10.6 BMI 26.8 HbA1c 8.1 HOMA2_B 55 HOMA2_IR 4.74 GADA 0.000
    MOD   n=1007 prop 0.126 age 45.4±10.6 BMI 26.8 HbA1c 7.8 HOMA2_B 139 HOMA2_IR 2.24 GADA 0.000
    MARD  n= 443 prop 0.055 age 43.9±10.8 BMI 26.8 HbA1c 8.1 HOMA2_B 63 HOMA2_IR 2.56 GADA 1.000

--- Step 5: Outcome HR stub (CVD/T2D) per cluster vs MARD ---
  Transport HR vs MARD (simulated 5y CVD/T2D):
    SAID  n= 412 CVD 0.150 HR_CVD 1.89 T2D 0.228 HR_T2D 2.23
    SIDD  n=2290 CVD 0.085 HR_CVD 1.07 T2D 0.174 HR_T2D 1.71
    SIRD  n= 504 CVD 0.141 HR_CVD 1.77 T2D 0.155 HR_T2D 1.51
    MOD   n=3287 CVD 0.099 HR_CVD 1.25 T2D 0.156 HR_T2D 1.52
    MARD  n=1507 CVD 0.080 HR_CVD 1.00 T2D 0.102 HR_T2D 1.00
  Expect SIRD->CVD highest (1.75), SAID/SIDD->T2D/insulin highest per Ahlqvist Fig3-4 analogues

--- Step 6: GADA-free ablation 6->3 (age/BMI/HbA1c) primary co-primary if completeness <85% ---
  3-var completeness 99.92% (threshold 3.5, 6-var was 98.36%) — finding that 6-var fails but 3-var transports is India methods lesson
  3-var transport vs de-novo ARI = 0.446 (compare 6-var ARI 0.250)
  6-var transport vs 3-var transport ARI = 0.243 (measures GADA/HOMA contribution; <0.60 indicates measurement drives assignment)

--- Step 7: Write outputs ---
  wrote /home/shivam/Projects/medicalResearch/full_runs/candidate_007/outputs/centroids_vs_denovo_ARI.csv (17 rows)
  wrote /home/shivam/Projects/medicalResearch/full_runs/candidate_007/outputs/cluster_profiles.csv (10 rows, 5 transport +5 denovo)
  wrote /home/shivam/Projects/medicalResearch/full_runs/candidate_007/outputs/ablation_6to3.csv (3 rows)
  wrote /home/shivam/Projects/medicalResearch/full_runs/candidate_007/outputs/synthetic_proxy_sample.csv (100 row audit sample, full N=8000 synthetic — honest proxy)
  hash centroids_vs_denovo_ARI.csv sha256:ba7626f885a9 rows 17
  hash cluster_profiles.csv sha256:747a075d8fd3 rows 10
  hash ablation_6to3.csv sha256:c17976e51d7c rows 3
  hash synthetic_proxy_sample.csv sha256:129f20ad3ac2 rows 100

=== FULL RUN 007 COMPLETE ===
Outputs: /home/shivam/Projects/medicalResearch/full_runs/candidate_007/outputs/centroids_vs_denovo_ARI.csv (ARI+completeness+SMD+ESS), /home/shivam/Projects/medicalResearch/full_runs/candidate_007/outputs/cluster_profiles.csv (10 cluster rows), /home/shivam/Projects/medicalResearch/full_runs/candidate_007/outputs/ablation_6to3.csv (6->3 ablation)
Honest synthetic proxy: UKB-SA DUA staged (1-3mo), CARRS PHFI/Emory 2-3mo, ICMR-INDIAB 113k 3-6mo — see README DUA staging
Thresholds locked: completeness>=85% ARI>=0.60 SMD|0.1| ESS>70% AUC<0.70 per OSF 007 §3
Log: /home/shivam/Projects/medicalResearch/full_runs/candidate_007/logs/full_007.log
