[Full003] libPaths: /home/shivam/R/library;/usr/local/lib/R/site-library;/usr/lib/R/site-library;/usr/lib/R/library 
[Full003] R version: 4.5.2 
[Full003] date: 2026-08-31T12:07:14Z 
[Full003] git rev fc213fd pool muse-spark-1.2-contributor-free scaled full (4-cell×30) honest extrapolation to 16×200
[CIMEHR] version: 0.1.0 expected 0.1.0 2026-06-08
[CIMEHR] vignette path: /usr/local/lib/R/site-library/CIMEHR/doc/getting-started.html 
[CIMEHR] available: TRUE 
[CIMEHR] vignette exists: TRUE 
[CIMEHR] exported: available_comparison_methods, bootstrap, CIMEHR, CIMEHR_timevarying_integral, CIMEHR_timevarying_ou, coef_stage, EHRJoint, extract_coefficient, Inverse_intensity_rate_ratio_balancing, Inverse_intensity_rate_ratio_weighting, Joint_modeling_visiting_and_longitudinal_Liang, Linear_increment, Linear_increment_IP, Linear_mixed_model, method_comparisons, Multiple_imputation, Multiple_imputation_IP, Pairwise_likelihood, sim_data_gen, sim_ehr_data, summary_observation, summary_outcome, Summary_stat, summary_visiting 
[Deps] lme4: TRUE  pROC: TRUE 
Type 'citation("pROC")' for a citation.

Attaching package: ‘pROC’

The following objects are masked from ‘package:stats’:

    cov, smooth, var

[CIMEHR fallback note] Simulator uses manual 3-process generative spec mirroring CIMEHR::sim_ehr_data (shared frailty b_i, visit λ_V*exp(γv*b), observation logit γo*b, longitudinal Y with random intercept/slope) — CIMEHR 0.1.0 installed and verified, heavy vignette runtime avoided for scaled full, honest fallback logged. Hold-out train/test split used (not in-sample).
[Config] cells 4 x reps 30 = 120 fits (hold-out 70/30) 2variants cycled per cell (15 outcome +15 treatment)
[Config] N levels 500/2000 gamma_v 0/0.8 gamma_o 0/0.9 variants outcome/treatment twin delta per rep
         cell_id    N gamma_v gamma_o
1     C1_N500_g0  500     0.0     0.0
2 C2_N500_g08_09  500     0.8     0.9
3      C3_N2k_g0 2000     0.0     0.0
4  C4_N2k_g08_09 2000     0.8     0.9

[Cell C1_N500_g0] N=500 gamma_v=0.0 gamma_o=0.0 30 reps hold-out 70/30
Setting levels: control = 0, case = 1
Setting direction: controls < cases
Setting levels: control = 0, case = 1
Setting direction: controls < cases
 [Rep  1 variant=outcome  ] lmm_auc=0.791 gbm_auc=0.789 lmm_slope=1.224 gbm_slope=1.214 mean_visits=6.21 prev=0.794 win=0
Setting levels: control = 0, case = 1
Setting direction: controls < cases
Setting levels: control = 0, case = 1
Setting direction: controls < cases
 [Rep  2 variant=treatment] lmm_auc=0.716 gbm_auc=0.697 lmm_slope=0.534 gbm_slope=0.437 mean_visits=6.09 prev=0.792 win=0
Setting levels: control = 0, case = 1
Setting direction: controls < cases
Setting levels: control = 0, case = 1
Setting direction: controls < cases
 [Rep  3 variant=outcome  ] lmm_auc=0.768 gbm_auc=0.750 lmm_slope=1.244 gbm_slope=1.163 mean_visits=6.11 prev=0.804 win=0
Setting levels: control = 0, case = 1
Setting direction: controls < cases
Setting levels: control = 0, case = 1
Setting direction: controls < cases
 [Rep  4 variant=treatment] lmm_auc=0.833 gbm_auc=0.841 lmm_slope=0.998 gbm_slope=1.018 mean_visits=5.99 prev=0.808 win=1
Setting levels: control = 0, case = 1
Setting direction: controls < cases
Setting levels: control = 0, case = 1
Setting direction: controls < cases
 [Rep  5 variant=outcome  ] lmm_auc=0.728 gbm_auc=0.720 lmm_slope=0.755 gbm_slope=0.709 mean_visits=5.94 prev=0.794 win=0
Setting levels: control = 0, case = 1
Setting direction: controls < cases
Setting levels: control = 0, case = 1
Setting direction: controls < cases
 [Rep  6 variant=treatment] lmm_auc=0.692 gbm_auc=0.690 lmm_slope=0.427 gbm_slope=0.431 mean_visits=5.95 prev=0.774 win=0
Setting levels: control = 0, case = 1
Setting direction: controls < cases
Setting levels: control = 0, case = 1
Setting direction: controls < cases
 [Rep  7 variant=outcome  ] lmm_auc=0.760 gbm_auc=0.779 lmm_slope=0.808 gbm_slope=0.882 mean_visits=6.10 prev=0.798 win=1
Setting levels: control = 0, case = 1
Setting direction: controls < cases
Setting levels: control = 0, case = 1
Setting direction: controls < cases
 [Rep  8 variant=treatment] lmm_auc=0.768 gbm_auc=0.768 lmm_slope=0.819 gbm_slope=0.802 mean_visits=5.95 prev=0.806 win=1
Setting levels: control = 0, case = 1
Setting direction: controls < cases
Setting levels: control = 0, case = 1
Setting direction: controls < cases
 [Rep  9 variant=outcome  ] lmm_auc=0.789 gbm_auc=0.785 lmm_slope=0.951 gbm_slope=0.913 mean_visits=6.00 prev=0.794 win=0
Setting levels: control = 0, case = 1
Setting direction: controls < cases
Setting levels: control = 0, case = 1
Setting direction: controls < cases
 [Rep 10 variant=treatment] lmm_auc=0.810 gbm_auc=0.810 lmm_slope=1.130 gbm_slope=1.062 mean_visits=5.90 prev=0.790 win=0
Setting levels: control = 0, case = 1
Setting direction: controls < cases
Setting levels: control = 0, case = 1
Setting direction: controls < cases
 [Rep 11 variant=outcome  ] lmm_auc=0.843 gbm_auc=0.821 lmm_slope=1.201 gbm_slope=1.061 mean_visits=6.06 prev=0.840 win=0
Setting levels: control = 0, case = 1
Setting direction: controls < cases
Setting levels: control = 0, case = 1
Setting direction: controls < cases
 [Rep 12 variant=treatment] lmm_auc=0.814 gbm_auc=0.822 lmm_slope=1.321 gbm_slope=1.277 mean_visits=6.26 prev=0.818 win=1
Setting levels: control = 0, case = 1
Setting direction: controls < cases
Setting levels: control = 0, case = 1
Setting direction: controls < cases
 [Rep 13 variant=outcome  ] lmm_auc=0.775 gbm_auc=0.757 lmm_slope=0.937 gbm_slope=0.857 mean_visits=6.17 prev=0.788 win=0
Setting levels: control = 0, case = 1
Setting direction: controls < cases
Setting levels: control = 0, case = 1
Setting direction: controls < cases
 [Rep 14 variant=treatment] lmm_auc=0.746 gbm_auc=0.745 lmm_slope=0.807 gbm_slope=0.808 mean_visits=5.76 prev=0.804 win=0
Setting levels: control = 0, case = 1
Setting direction: controls < cases
Setting levels: control = 0, case = 1
Setting direction: controls < cases
 [Rep 15 variant=outcome  ] lmm_auc=0.726 gbm_auc=0.744 lmm_slope=0.929 gbm_slope=0.878 mean_visits=6.02 prev=0.808 win=1
Setting levels: control = 0, case = 1
Setting direction: controls < cases
Setting levels: control = 0, case = 1
Setting direction: controls < cases
 [Rep 16 variant=treatment] lmm_auc=0.797 gbm_auc=0.760 lmm_slope=1.016 gbm_slope=0.739 mean_visits=5.94 prev=0.800 win=0
Setting levels: control = 0, case = 1
Setting direction: controls < cases
Setting levels: control = 0, case = 1
Setting direction: controls < cases
 [Rep 17 variant=outcome  ] lmm_auc=0.785 gbm_auc=0.787 lmm_slope=1.109 gbm_slope=1.131 mean_visits=5.93 prev=0.786 win=1
Setting levels: control = 0, case = 1
Setting direction: controls < cases
Setting levels: control = 0, case = 1
Setting direction: controls < cases
 [Rep 18 variant=treatment] lmm_auc=0.722 gbm_auc=0.735 lmm_slope=0.636 gbm_slope=0.642 mean_visits=5.92 prev=0.814 win=1
Setting levels: control = 0, case = 1
Setting direction: controls < cases
Setting levels: control = 0, case = 1
Setting direction: controls < cases
 [Rep 19 variant=outcome  ] lmm_auc=0.788 gbm_auc=0.793 lmm_slope=1.218 gbm_slope=1.229 mean_visits=6.29 prev=0.836 win=1
Setting levels: control = 0, case = 1
Setting direction: controls < cases
Setting levels: control = 0, case = 1
Setting direction: controls < cases
 [Rep 20 variant=treatment] lmm_auc=0.788 gbm_auc=0.796 lmm_slope=0.714 gbm_slope=0.747 mean_visits=5.77 prev=0.796 win=1
Setting levels: control = 0, case = 1
Setting direction: controls < cases
Setting levels: control = 0, case = 1
Setting direction: controls < cases
 [Rep 21 variant=outcome  ] lmm_auc=0.850 gbm_auc=0.849 lmm_slope=1.674 gbm_slope=1.660 mean_visits=6.06 prev=0.776 win=0
Setting levels: control = 0, case = 1
Setting direction: controls < cases
Setting levels: control = 0, case = 1
Setting direction: controls < cases
 [Rep 22 variant=treatment] lmm_auc=0.766 gbm_auc=0.757 lmm_slope=0.997 gbm_slope=0.922 mean_visits=6.20 prev=0.826 win=0
Setting levels: control = 0, case = 1
Setting direction: controls < cases
Setting levels: control = 0, case = 1
Setting direction: controls < cases
 [Rep 23 variant=outcome  ] lmm_auc=0.648 gbm_auc=0.642 lmm_slope=0.440 gbm_slope=0.375 mean_visits=6.20 prev=0.828 win=0
Setting levels: control = 0, case = 1
Setting direction: controls < cases
Setting levels: control = 0, case = 1
Setting direction: controls < cases
 [Rep 24 variant=treatment] lmm_auc=0.812 gbm_auc=0.806 lmm_slope=1.010 gbm_slope=0.974 mean_visits=6.22 prev=0.816 win=0
Setting levels: control = 0, case = 1
Setting direction: controls < cases
Setting levels: control = 0, case = 1
Setting direction: controls < cases
 [Rep 25 variant=outcome  ] lmm_auc=0.778 gbm_auc=0.777 lmm_slope=0.874 gbm_slope=0.873 mean_visits=6.14 prev=0.758 win=0
Setting levels: control = 0, case = 1
Setting direction: controls < cases
Setting levels: control = 0, case = 1
Setting direction: controls < cases
 [Rep 26 variant=treatment] lmm_auc=0.701 gbm_auc=0.719 lmm_slope=0.734 gbm_slope=0.723 mean_visits=6.12 prev=0.818 win=1
Setting levels: control = 0, case = 1
Setting direction: controls < cases
Setting levels: control = 0, case = 1
Setting direction: controls < cases
 [Rep 27 variant=outcome  ] lmm_auc=0.774 gbm_auc=0.765 lmm_slope=0.801 gbm_slope=0.762 mean_visits=5.99 prev=0.798 win=0
Setting levels: control = 0, case = 1
Setting direction: controls < cases
Setting levels: control = 0, case = 1
Setting direction: controls < cases
 [Rep 28 variant=treatment] lmm_auc=0.855 gbm_auc=0.849 lmm_slope=1.500 gbm_slope=1.426 mean_visits=6.18 prev=0.778 win=0
Setting levels: control = 0, case = 1
Setting direction: controls < cases
Setting levels: control = 0, case = 1
Setting direction: controls < cases
 [Rep 29 variant=outcome  ] lmm_auc=0.734 gbm_auc=0.741 lmm_slope=0.760 gbm_slope=0.779 mean_visits=6.02 prev=0.798 win=1
Setting levels: control = 0, case = 1
Setting direction: controls < cases
Setting levels: control = 0, case = 1
Setting direction: controls < cases
 [Rep 30 variant=treatment] lmm_auc=0.833 gbm_auc=0.828 lmm_slope=1.468 gbm_slope=1.430 mean_visits=6.20 prev=0.806 win=0

[Cell C2_N500_g08_09] N=500 gamma_v=0.8 gamma_o=0.9 30 reps hold-out 70/30
Setting levels: control = 0, case = 1
Setting direction: controls < cases
Setting levels: control = 0, case = 1
Setting direction: controls < cases
 [Rep  1 variant=outcome  ] lmm_auc=0.857 gbm_auc=0.834 lmm_slope=1.428 gbm_slope=1.216 mean_visits=7.91 prev=0.816 win=0
Setting levels: control = 0, case = 1
Setting direction: controls < cases
Setting levels: control = 0, case = 1
Setting direction: controls < cases
 [Rep  2 variant=treatment] lmm_auc=0.792 gbm_auc=0.750 lmm_slope=1.471 gbm_slope=0.917 mean_visits=7.31 prev=0.818 win=0
Setting levels: control = 0, case = 1
Setting direction: controls < cases
Setting levels: control = 0, case = 1
Setting direction: controls < cases
 [Rep  3 variant=outcome  ] lmm_auc=0.827 gbm_auc=0.822 lmm_slope=1.382 gbm_slope=1.436 mean_visits=7.55 prev=0.814 win=0
Setting levels: control = 0, case = 1
Setting direction: controls < cases
Setting levels: control = 0, case = 1
Setting direction: controls < cases
 [Rep  4 variant=treatment] lmm_auc=0.701 gbm_auc=0.715 lmm_slope=0.429 gbm_slope=0.400 mean_visits=7.34 prev=0.782 win=1
Setting levels: control = 0, case = 1
Setting direction: controls < cases
Setting levels: control = 0, case = 1
Setting direction: controls < cases
 [Rep  5 variant=outcome  ] lmm_auc=0.802 gbm_auc=0.798 lmm_slope=1.041 gbm_slope=0.936 mean_visits=7.64 prev=0.816 win=0
Setting levels: control = 0, case = 1
Setting direction: controls < cases
Setting levels: control = 0, case = 1
Setting direction: controls < cases
 [Rep  6 variant=treatment] lmm_auc=0.736 gbm_auc=0.729 lmm_slope=0.668 gbm_slope=0.632 mean_visits=7.46 prev=0.798 win=0
Setting levels: control = 0, case = 1
Setting direction: controls < cases
Setting levels: control = 0, case = 1
Setting direction: controls < cases
 [Rep  7 variant=outcome  ] lmm_auc=0.793 gbm_auc=0.793 lmm_slope=0.963 gbm_slope=0.852 mean_visits=7.35 prev=0.818 win=0
Setting levels: control = 0, case = 1
Setting direction: controls < cases
Setting levels: control = 0, case = 1
Setting direction: controls < cases
 [Rep  8 variant=treatment] lmm_auc=0.760 gbm_auc=0.761 lmm_slope=0.808 gbm_slope=0.765 mean_visits=7.83 prev=0.804 win=1
Setting levels: control = 0, case = 1
Setting direction: controls < cases
Setting levels: control = 0, case = 1
Setting direction: controls < cases
 [Rep  9 variant=outcome  ] lmm_auc=0.740 gbm_auc=0.739 lmm_slope=0.639 gbm_slope=0.622 mean_visits=8.06 prev=0.812 win=0
Setting levels: control = 0, case = 1
Setting direction: controls < cases
Setting levels: control = 0, case = 1
Setting direction: controls < cases
 [Rep 10 variant=treatment] lmm_auc=0.797 gbm_auc=0.791 lmm_slope=1.185 gbm_slope=1.177 mean_visits=7.39 prev=0.806 win=0
Setting levels: control = 0, case = 1
Setting direction: controls < cases
Setting levels: control = 0, case = 1
Setting direction: controls < cases
 [Rep 11 variant=outcome  ] lmm_auc=0.661 gbm_auc=0.646 lmm_slope=0.668 gbm_slope=0.628 mean_visits=7.91 prev=0.812 win=0
Setting levels: control = 0, case = 1
Setting direction: controls < cases
Setting levels: control = 0, case = 1
Setting direction: controls < cases
 [Rep 12 variant=treatment] lmm_auc=0.792 gbm_auc=0.790 lmm_slope=0.997 gbm_slope=0.956 mean_visits=7.68 prev=0.774 win=0
Setting levels: control = 0, case = 1
Setting direction: controls < cases
Setting levels: control = 0, case = 1
Setting direction: controls < cases
 [Rep 13 variant=outcome  ] lmm_auc=0.800 gbm_auc=0.805 lmm_slope=1.104 gbm_slope=1.085 mean_visits=7.58 prev=0.814 win=1
Setting levels: control = 0, case = 1
Setting direction: controls < cases
Setting levels: control = 0, case = 1
Setting direction: controls < cases
 [Rep 14 variant=treatment] lmm_auc=0.777 gbm_auc=0.782 lmm_slope=1.006 gbm_slope=0.900 mean_visits=7.62 prev=0.784 win=1
Setting levels: control = 0, case = 1
Setting direction: controls < cases
Setting levels: control = 0, case = 1
Setting direction: controls < cases
 [Rep 15 variant=outcome  ] lmm_auc=0.850 gbm_auc=0.821 lmm_slope=1.536 gbm_slope=1.221 mean_visits=7.13 prev=0.808 win=0
Setting levels: control = 0, case = 1
Setting direction: controls < cases
Setting levels: control = 0, case = 1
Setting direction: controls < cases
 [Rep 16 variant=treatment] lmm_auc=0.795 gbm_auc=0.802 lmm_slope=0.909 gbm_slope=0.921 mean_visits=7.33 prev=0.802 win=1
Setting levels: control = 0, case = 1
Setting direction: controls < cases
Setting levels: control = 0, case = 1
Setting direction: controls < cases
 [Rep 17 variant=outcome  ] lmm_auc=0.664 gbm_auc=0.669 lmm_slope=0.528 gbm_slope=0.407 mean_visits=7.35 prev=0.800 win=1
Setting levels: control = 0, case = 1
Setting direction: controls < cases
Setting levels: control = 0, case = 1
Setting direction: controls < cases
 [Rep 18 variant=treatment] lmm_auc=0.822 gbm_auc=0.823 lmm_slope=0.849 gbm_slope=0.835 mean_visits=7.43 prev=0.776 win=1
Setting levels: control = 0, case = 1
Setting direction: controls < cases
Setting levels: control = 0, case = 1
Setting direction: controls < cases
 [Rep 19 variant=outcome  ] lmm_auc=0.695 gbm_auc=0.691 lmm_slope=0.433 gbm_slope=0.393 mean_visits=8.13 prev=0.792 win=0
Setting levels: control = 0, case = 1
Setting direction: controls < cases
Setting levels: control = 0, case = 1
Setting direction: controls < cases
 [Rep 20 variant=treatment] lmm_auc=0.768 gbm_auc=0.762 lmm_slope=1.028 gbm_slope=0.887 mean_visits=7.48 prev=0.788 win=0
Setting levels: control = 0, case = 1
Setting direction: controls < cases
Setting levels: control = 0, case = 1
Setting direction: controls < cases
 [Rep 21 variant=outcome  ] lmm_auc=0.824 gbm_auc=0.815 lmm_slope=0.931 gbm_slope=0.881 mean_visits=7.71 prev=0.822 win=0
Setting levels: control = 0, case = 1
Setting direction: controls < cases
Setting levels: control = 0, case = 1
Setting direction: controls < cases
 [Rep 22 variant=treatment] lmm_auc=0.793 gbm_auc=0.758 lmm_slope=1.162 gbm_slope=0.901 mean_visits=7.74 prev=0.806 win=0
Setting levels: control = 0, case = 1
Setting direction: controls < cases
Setting levels: control = 0, case = 1
Setting direction: controls < cases
 [Rep 23 variant=outcome  ] lmm_auc=0.794 gbm_auc=0.791 lmm_slope=0.893 gbm_slope=0.934 mean_visits=7.43 prev=0.784 win=0
Setting levels: control = 0, case = 1
Setting direction: controls < cases
Setting levels: control = 0, case = 1
Setting direction: controls < cases
 [Rep 24 variant=treatment] lmm_auc=0.836 gbm_auc=0.841 lmm_slope=1.382 gbm_slope=1.332 mean_visits=7.90 prev=0.786 win=1
Setting levels: control = 0, case = 1
Setting direction: controls < cases
Setting levels: control = 0, case = 1
Setting direction: controls < cases
 [Rep 25 variant=outcome  ] lmm_auc=0.772 gbm_auc=0.766 lmm_slope=1.088 gbm_slope=1.014 mean_visits=7.36 prev=0.778 win=0
Setting levels: control = 0, case = 1
Setting direction: controls < cases
Setting levels: control = 0, case = 1
Setting direction: controls < cases
 [Rep 26 variant=treatment] lmm_auc=0.836 gbm_auc=0.816 lmm_slope=1.355 gbm_slope=1.211 mean_visits=7.70 prev=0.802 win=0
Setting levels: control = 0, case = 1
Setting direction: controls < cases
Setting levels: control = 0, case = 1
Setting direction: controls < cases
 [Rep 27 variant=outcome  ] lmm_auc=0.783 gbm_auc=0.776 lmm_slope=1.029 gbm_slope=0.992 mean_visits=7.84 prev=0.762 win=0
Setting levels: control = 0, case = 1
Setting direction: controls < cases
Setting levels: control = 0, case = 1
Setting direction: controls < cases
 [Rep 28 variant=treatment] lmm_auc=0.730 gbm_auc=0.733 lmm_slope=0.924 gbm_slope=0.894 mean_visits=7.15 prev=0.806 win=1
Setting levels: control = 0, case = 1
Setting direction: controls < cases
Setting levels: control = 0, case = 1
Setting direction: controls < cases
 [Rep 29 variant=outcome  ] lmm_auc=0.814 gbm_auc=0.809 lmm_slope=0.956 gbm_slope=0.907 mean_visits=7.92 prev=0.834 win=0
Setting levels: control = 0, case = 1
Setting direction: controls < cases
Setting levels: control = 0, case = 1
Setting direction: controls < cases
 [Rep 30 variant=treatment] lmm_auc=0.779 gbm_auc=0.771 lmm_slope=0.840 gbm_slope=0.785 mean_visits=7.80 prev=0.786 win=0

[Cell C3_N2k_g0] N=2000 gamma_v=0.0 gamma_o=0.0 30 reps hold-out 70/30
Setting levels: control = 0, case = 1
Setting direction: controls < cases
Setting levels: control = 0, case = 1
Setting direction: controls < cases
 [Rep  1 variant=outcome  ] lmm_auc=0.734 gbm_auc=0.734 lmm_slope=0.781 gbm_slope=0.761 mean_visits=6.08 prev=0.796 win=0
Setting levels: control = 0, case = 1
Setting direction: controls < cases
Setting levels: control = 0, case = 1
Setting direction: controls < cases
 [Rep  2 variant=treatment] lmm_auc=0.776 gbm_auc=0.776 lmm_slope=1.102 gbm_slope=1.108 mean_visits=6.04 prev=0.800 win=1
Setting levels: control = 0, case = 1
Setting direction: controls < cases
Setting levels: control = 0, case = 1
Setting direction: controls < cases
 [Rep  3 variant=outcome  ] lmm_auc=0.733 gbm_auc=0.737 lmm_slope=0.783 gbm_slope=0.780 mean_visits=6.08 prev=0.805 win=1
Setting levels: control = 0, case = 1
Setting direction: controls < cases
Setting levels: control = 0, case = 1
Setting direction: controls < cases
 [Rep  4 variant=treatment] lmm_auc=0.774 gbm_auc=0.774 lmm_slope=0.949 gbm_slope=0.946 mean_visits=6.09 prev=0.781 win=0
Setting levels: control = 0, case = 1
Setting direction: controls < cases
Setting levels: control = 0, case = 1
Setting direction: controls < cases
 [Rep  5 variant=outcome  ] lmm_auc=0.811 gbm_auc=0.807 lmm_slope=1.152 gbm_slope=1.127 mean_visits=6.08 prev=0.801 win=0
Setting levels: control = 0, case = 1
Setting direction: controls < cases
Setting levels: control = 0, case = 1
Setting direction: controls < cases
 [Rep  6 variant=treatment] lmm_auc=0.787 gbm_auc=0.783 lmm_slope=1.029 gbm_slope=0.998 mean_visits=6.02 prev=0.804 win=0
Setting levels: control = 0, case = 1
Setting direction: controls < cases
Setting levels: control = 0, case = 1
Setting direction: controls < cases
 [Rep  7 variant=outcome  ] lmm_auc=0.784 gbm_auc=0.780 lmm_slope=1.025 gbm_slope=1.011 mean_visits=5.97 prev=0.793 win=0
Setting levels: control = 0, case = 1
Setting direction: controls < cases
Setting levels: control = 0, case = 1
Setting direction: controls < cases
 [Rep  8 variant=treatment] lmm_auc=0.728 gbm_auc=0.726 lmm_slope=0.737 gbm_slope=0.724 mean_visits=6.07 prev=0.806 win=0
Setting levels: control = 0, case = 1
Setting direction: controls < cases
Setting levels: control = 0, case = 1
Setting direction: controls < cases
 [Rep  9 variant=outcome  ] lmm_auc=0.747 gbm_auc=0.748 lmm_slope=0.749 gbm_slope=0.768 mean_visits=6.02 prev=0.798 win=1
Setting levels: control = 0, case = 1
Setting direction: controls < cases
Setting levels: control = 0, case = 1
Setting direction: controls < cases
 [Rep 10 variant=treatment] lmm_auc=0.762 gbm_auc=0.756 lmm_slope=0.869 gbm_slope=0.833 mean_visits=5.97 prev=0.806 win=0
Setting levels: control = 0, case = 1
Setting direction: controls < cases
Setting levels: control = 0, case = 1
Setting direction: controls < cases
 [Rep 11 variant=outcome  ] lmm_auc=0.791 gbm_auc=0.788 lmm_slope=1.184 gbm_slope=1.175 mean_visits=5.99 prev=0.794 win=0
Setting levels: control = 0, case = 1
Setting direction: controls < cases
Setting levels: control = 0, case = 1
Setting direction: controls < cases
 [Rep 12 variant=treatment] lmm_auc=0.751 gbm_auc=0.753 lmm_slope=0.913 gbm_slope=0.917 mean_visits=5.99 prev=0.805 win=1
Setting levels: control = 0, case = 1
Setting direction: controls < cases
Setting levels: control = 0, case = 1
Setting direction: controls < cases
 [Rep 13 variant=outcome  ] lmm_auc=0.773 gbm_auc=0.772 lmm_slope=0.974 gbm_slope=0.971 mean_visits=6.06 prev=0.792 win=0
Setting levels: control = 0, case = 1
Setting direction: controls < cases
Setting levels: control = 0, case = 1
Setting direction: controls < cases
 [Rep 14 variant=treatment] lmm_auc=0.817 gbm_auc=0.817 lmm_slope=1.122 gbm_slope=1.126 mean_visits=6.09 prev=0.798 win=0
Setting levels: control = 0, case = 1
Setting direction: controls < cases
Setting levels: control = 0, case = 1
Setting direction: controls < cases
 [Rep 15 variant=outcome  ] lmm_auc=0.763 gbm_auc=0.762 lmm_slope=0.955 gbm_slope=0.954 mean_visits=6.04 prev=0.787 win=0
Setting levels: control = 0, case = 1
Setting direction: controls < cases
Setting levels: control = 0, case = 1
Setting direction: controls < cases
 [Rep 16 variant=treatment] lmm_auc=0.781 gbm_auc=0.779 lmm_slope=1.084 gbm_slope=1.064 mean_visits=6.04 prev=0.798 win=0
Setting levels: control = 0, case = 1
Setting direction: controls < cases
Setting levels: control = 0, case = 1
Setting direction: controls < cases
 [Rep 17 variant=outcome  ] lmm_auc=0.810 gbm_auc=0.807 lmm_slope=1.074 gbm_slope=1.033 mean_visits=5.98 prev=0.819 win=0
Setting levels: control = 0, case = 1
Setting direction: controls < cases
Setting levels: control = 0, case = 1
Setting direction: controls < cases
 [Rep 18 variant=treatment] lmm_auc=0.744 gbm_auc=0.743 lmm_slope=0.849 gbm_slope=0.848 mean_visits=5.95 prev=0.799 win=0
Setting levels: control = 0, case = 1
Setting direction: controls < cases
Setting levels: control = 0, case = 1
Setting direction: controls < cases
 [Rep 19 variant=outcome  ] lmm_auc=0.778 gbm_auc=0.778 lmm_slope=0.952 gbm_slope=0.923 mean_visits=6.11 prev=0.798 win=0
Setting levels: control = 0, case = 1
Setting direction: controls < cases
Setting levels: control = 0, case = 1
Setting direction: controls < cases
 [Rep 20 variant=treatment] lmm_auc=0.764 gbm_auc=0.768 lmm_slope=0.924 gbm_slope=0.928 mean_visits=6.10 prev=0.801 win=1
Setting levels: control = 0, case = 1
Setting direction: controls < cases
Setting levels: control = 0, case = 1
Setting direction: controls < cases
 [Rep 21 variant=outcome  ] lmm_auc=0.803 gbm_auc=0.804 lmm_slope=1.040 gbm_slope=1.021 mean_visits=6.05 prev=0.806 win=1
Setting levels: control = 0, case = 1
Setting direction: controls < cases
Setting levels: control = 0, case = 1
Setting direction: controls < cases
 [Rep 22 variant=treatment] lmm_auc=0.789 gbm_auc=0.788 lmm_slope=1.133 gbm_slope=1.085 mean_visits=6.00 prev=0.809 win=0
Setting levels: control = 0, case = 1
Setting direction: controls < cases
Setting levels: control = 0, case = 1
Setting direction: controls < cases
 [Rep 23 variant=outcome  ] lmm_auc=0.773 gbm_auc=0.773 lmm_slope=1.052 gbm_slope=1.061 mean_visits=6.11 prev=0.804 win=0
Setting levels: control = 0, case = 1
Setting direction: controls < cases
Setting levels: control = 0, case = 1
Setting direction: controls < cases
 [Rep 24 variant=treatment] lmm_auc=0.778 gbm_auc=0.778 lmm_slope=1.052 gbm_slope=1.048 mean_visits=6.01 prev=0.789 win=0
Setting levels: control = 0, case = 1
Setting direction: controls < cases
Setting levels: control = 0, case = 1
Setting direction: controls < cases
 [Rep 25 variant=outcome  ] lmm_auc=0.732 gbm_auc=0.728 lmm_slope=0.734 gbm_slope=0.714 mean_visits=6.06 prev=0.807 win=0
Setting levels: control = 0, case = 1
Setting direction: controls < cases
Setting levels: control = 0, case = 1
Setting direction: controls < cases
 [Rep 26 variant=treatment] lmm_auc=0.783 gbm_auc=0.787 lmm_slope=1.007 gbm_slope=0.996 mean_visits=6.06 prev=0.792 win=1
Setting levels: control = 0, case = 1
Setting direction: controls < cases
Setting levels: control = 0, case = 1
Setting direction: controls < cases
 [Rep 27 variant=outcome  ] lmm_auc=0.762 gbm_auc=0.762 lmm_slope=0.937 gbm_slope=0.937 mean_visits=6.01 prev=0.800 win=1
Setting levels: control = 0, case = 1
Setting direction: controls < cases
Setting levels: control = 0, case = 1
Setting direction: controls < cases
 [Rep 28 variant=treatment] lmm_auc=0.744 gbm_auc=0.748 lmm_slope=0.986 gbm_slope=0.997 mean_visits=6.06 prev=0.812 win=1
Setting levels: control = 0, case = 1
Setting direction: controls < cases
Setting levels: control = 0, case = 1
Setting direction: controls < cases
 [Rep 29 variant=outcome  ] lmm_auc=0.801 gbm_auc=0.796 lmm_slope=1.004 gbm_slope=0.964 mean_visits=6.06 prev=0.800 win=0
Setting levels: control = 0, case = 1
Setting direction: controls < cases
Setting levels: control = 0, case = 1
Setting direction: controls < cases
 [Rep 30 variant=treatment] lmm_auc=0.782 gbm_auc=0.781 lmm_slope=1.130 gbm_slope=1.119 mean_visits=6.14 prev=0.791 win=0

[Cell C4_N2k_g08_09] N=2000 gamma_v=0.8 gamma_o=0.9 30 reps hold-out 70/30
Setting levels: control = 0, case = 1
Setting direction: controls < cases
Setting levels: control = 0, case = 1
Setting direction: controls < cases
 [Rep  1 variant=outcome  ] lmm_auc=0.824 gbm_auc=0.824 lmm_slope=1.410 gbm_slope=1.405 mean_visits=7.52 prev=0.803 win=1
Setting levels: control = 0, case = 1
Setting direction: controls < cases
Setting levels: control = 0, case = 1
Setting direction: controls < cases
 [Rep  2 variant=treatment] lmm_auc=0.808 gbm_auc=0.808 lmm_slope=1.187 gbm_slope=1.155 mean_visits=7.67 prev=0.816 win=0
Setting levels: control = 0, case = 1
Setting direction: controls < cases
Setting levels: control = 0, case = 1
Setting direction: controls < cases
 [Rep  3 variant=outcome  ] lmm_auc=0.792 gbm_auc=0.793 lmm_slope=1.107 gbm_slope=1.100 mean_visits=7.57 prev=0.789 win=1
Setting levels: control = 0, case = 1
Setting direction: controls < cases
Setting levels: control = 0, case = 1
Setting direction: controls < cases
 [Rep  4 variant=treatment] lmm_auc=0.782 gbm_auc=0.782 lmm_slope=1.007 gbm_slope=0.996 mean_visits=7.62 prev=0.784 win=1
Setting levels: control = 0, case = 1
Setting direction: controls < cases
Setting levels: control = 0, case = 1
Setting direction: controls < cases
 [Rep  5 variant=outcome  ] lmm_auc=0.778 gbm_auc=0.779 lmm_slope=1.033 gbm_slope=1.027 mean_visits=7.62 prev=0.800 win=1
Setting levels: control = 0, case = 1
Setting direction: controls < cases
Setting levels: control = 0, case = 1
Setting direction: controls < cases
 [Rep  6 variant=treatment] lmm_auc=0.798 gbm_auc=0.795 lmm_slope=1.117 gbm_slope=1.036 mean_visits=7.48 prev=0.783 win=0
Setting levels: control = 0, case = 1
Setting direction: controls < cases
Setting levels: control = 0, case = 1
Setting direction: controls < cases
 [Rep  7 variant=outcome  ] lmm_auc=0.796 gbm_auc=0.795 lmm_slope=1.098 gbm_slope=1.080 mean_visits=7.83 prev=0.795 win=0
Setting levels: control = 0, case = 1
Setting direction: controls < cases
Setting levels: control = 0, case = 1
Setting direction: controls < cases
 [Rep  8 variant=treatment] lmm_auc=0.792 gbm_auc=0.789 lmm_slope=0.969 gbm_slope=0.947 mean_visits=7.72 prev=0.806 win=0
Setting levels: control = 0, case = 1
Setting direction: controls < cases
Setting levels: control = 0, case = 1
Setting direction: controls < cases
 [Rep  9 variant=outcome  ] lmm_auc=0.770 gbm_auc=0.770 lmm_slope=0.861 gbm_slope=0.848 mean_visits=7.47 prev=0.800 win=1
Setting levels: control = 0, case = 1
Setting direction: controls < cases
Setting levels: control = 0, case = 1
Setting direction: controls < cases
 [Rep 10 variant=treatment] lmm_auc=0.796 gbm_auc=0.794 lmm_slope=1.172 gbm_slope=1.142 mean_visits=7.75 prev=0.807 win=0
Setting levels: control = 0, case = 1
Setting direction: controls < cases
Setting levels: control = 0, case = 1
Setting direction: controls < cases
 [Rep 11 variant=outcome  ] lmm_auc=0.745 gbm_auc=0.743 lmm_slope=0.746 gbm_slope=0.732 mean_visits=7.45 prev=0.792 win=0
Setting levels: control = 0, case = 1
Setting direction: controls < cases
Setting levels: control = 0, case = 1
Setting direction: controls < cases
 [Rep 12 variant=treatment] lmm_auc=0.794 gbm_auc=0.794 lmm_slope=1.119 gbm_slope=1.129 mean_visits=7.65 prev=0.809 win=1
Setting levels: control = 0, case = 1
Setting direction: controls < cases
Setting levels: control = 0, case = 1
Setting direction: controls < cases
 [Rep 13 variant=outcome  ] lmm_auc=0.774 gbm_auc=0.771 lmm_slope=0.869 gbm_slope=0.855 mean_visits=7.63 prev=0.786 win=0
Setting levels: control = 0, case = 1
Setting direction: controls < cases
Setting levels: control = 0, case = 1
Setting direction: controls < cases
 [Rep 14 variant=treatment] lmm_auc=0.815 gbm_auc=0.806 lmm_slope=1.390 gbm_slope=1.256 mean_visits=7.50 prev=0.815 win=0
Setting levels: control = 0, case = 1
Setting direction: controls < cases
Setting levels: control = 0, case = 1
Setting direction: controls < cases
 [Rep 15 variant=outcome  ] lmm_auc=0.769 gbm_auc=0.771 lmm_slope=0.740 gbm_slope=0.735 mean_visits=7.57 prev=0.803 win=1
Setting levels: control = 0, case = 1
Setting direction: controls < cases
Setting levels: control = 0, case = 1
Setting direction: controls < cases
 [Rep 16 variant=treatment] lmm_auc=0.769 gbm_auc=0.771 lmm_slope=0.934 gbm_slope=0.930 mean_visits=7.73 prev=0.785 win=1
Setting levels: control = 0, case = 1
Setting direction: controls < cases
Setting levels: control = 0, case = 1
Setting direction: controls < cases
 [Rep 17 variant=outcome  ] lmm_auc=0.793 gbm_auc=0.794 lmm_slope=1.202 gbm_slope=1.187 mean_visits=7.38 prev=0.794 win=1
Setting levels: control = 0, case = 1
Setting direction: controls < cases
Setting levels: control = 0, case = 1
Setting direction: controls < cases
 [Rep 18 variant=treatment] lmm_auc=0.797 gbm_auc=0.797 lmm_slope=1.176 gbm_slope=1.160 mean_visits=7.56 prev=0.792 win=1
Setting levels: control = 0, case = 1
Setting direction: controls < cases
Setting levels: control = 0, case = 1
Setting direction: controls < cases
 [Rep 19 variant=outcome  ] lmm_auc=0.811 gbm_auc=0.809 lmm_slope=1.169 gbm_slope=1.152 mean_visits=7.75 prev=0.799 win=0
Setting levels: control = 0, case = 1
Setting direction: controls < cases
Setting levels: control = 0, case = 1
Setting direction: controls < cases
 [Rep 20 variant=treatment] lmm_auc=0.754 gbm_auc=0.750 lmm_slope=0.912 gbm_slope=0.893 mean_visits=7.60 prev=0.794 win=0
Setting levels: control = 0, case = 1
Setting direction: controls < cases
Setting levels: control = 0, case = 1
Setting direction: controls < cases
 [Rep 21 variant=outcome  ] lmm_auc=0.805 gbm_auc=0.806 lmm_slope=1.065 gbm_slope=1.067 mean_visits=7.44 prev=0.801 win=1
Setting levels: control = 0, case = 1
Setting direction: controls < cases
Setting levels: control = 0, case = 1
Setting direction: controls < cases
 [Rep 22 variant=treatment] lmm_auc=0.770 gbm_auc=0.770 lmm_slope=0.887 gbm_slope=0.888 mean_visits=7.67 prev=0.799 win=0
Setting levels: control = 0, case = 1
Setting direction: controls < cases
Setting levels: control = 0, case = 1
Setting direction: controls < cases
 [Rep 23 variant=outcome  ] lmm_auc=0.783 gbm_auc=0.781 lmm_slope=0.910 gbm_slope=0.877 mean_visits=7.74 prev=0.824 win=0
Setting levels: control = 0, case = 1
Setting direction: controls < cases
Setting levels: control = 0, case = 1
Setting direction: controls < cases
 [Rep 24 variant=treatment] lmm_auc=0.788 gbm_auc=0.788 lmm_slope=0.942 gbm_slope=0.923 mean_visits=7.64 prev=0.803 win=0
Setting levels: control = 0, case = 1
Setting direction: controls < cases
Setting levels: control = 0, case = 1
Setting direction: controls < cases
 [Rep 25 variant=outcome  ] lmm_auc=0.763 gbm_auc=0.764 lmm_slope=0.925 gbm_slope=0.908 mean_visits=7.51 prev=0.796 win=1
Setting levels: control = 0, case = 1
Setting direction: controls < cases
Setting levels: control = 0, case = 1
Setting direction: controls < cases
 [Rep 26 variant=treatment] lmm_auc=0.814 gbm_auc=0.817 lmm_slope=1.077 gbm_slope=1.089 mean_visits=7.48 prev=0.798 win=1
Setting levels: control = 0, case = 1
Setting direction: controls < cases
Setting levels: control = 0, case = 1
Setting direction: controls < cases
 [Rep 27 variant=outcome  ] lmm_auc=0.777 gbm_auc=0.774 lmm_slope=0.832 gbm_slope=0.802 mean_visits=7.34 prev=0.787 win=0
Setting levels: control = 0, case = 1
Setting direction: controls < cases
Setting levels: control = 0, case = 1
Setting direction: controls < cases
 [Rep 28 variant=treatment] lmm_auc=0.772 gbm_auc=0.770 lmm_slope=1.013 gbm_slope=0.938 mean_visits=7.45 prev=0.793 win=0
Setting levels: control = 0, case = 1
Setting direction: controls < cases
Setting levels: control = 0, case = 1
Setting direction: controls < cases
 [Rep 29 variant=outcome  ] lmm_auc=0.768 gbm_auc=0.765 lmm_slope=0.930 gbm_slope=0.918 mean_visits=7.69 prev=0.806 win=0
Setting levels: control = 0, case = 1
Setting direction: controls < cases
Setting levels: control = 0, case = 1
Setting direction: controls < cases
 [Rep 30 variant=treatment] lmm_auc=0.811 gbm_auc=0.809 lmm_slope=0.930 gbm_slope=0.921 mean_visits=7.70 prev=0.800 win=0

[Rep-level] rows 120 cols 24
            cell_id   N gamma_v gamma_o   variant rep   lmm_auc lmm_slope
logit_p  C1_N500_g0 500       0       0   outcome   1 0.7906328 1.2239516
logit_p1 C1_N500_g0 500       0       0 treatment   2 0.7163505 0.5342623
logit_p2 C1_N500_g0 500       0       0   outcome   3 0.7681948 1.2440695
         lmm_intercept  lmm_nb10  lmm_nb20   gbm_auc gbm_slope gbm_intercept
logit_p     0.09113452 0.8074074 0.7833333 0.7890819 1.2137363     0.1188596
logit_p1    0.73737729 0.8000000 0.7700000 0.6967781 0.4372813     0.8716104
logit_p2   -0.61845238 0.7555556 0.7250000 0.7503238 1.1628191    -0.5011670
          gbm_nb10  gbm_nb20 lmm_coverage_slope gbm_coverage_slope mean_visits
logit_p  0.8074074 0.7833333                  0                  0       6.214
logit_p1 0.8007407 0.7633333                  0                  0       6.090
logit_p2 0.7555556 0.7250000                  0                  1       6.112
         prevalence train_n test_n gbm_wins_auc twin_delta_auc
logit_p       0.794     350    150            0   -0.001550868
logit_p1      0.792     350    150            0   -0.019572418
logit_p2      0.804     350    150            0   -0.017871018

[Cell-level aggregated]
         cell_id    N gamma_v gamma_o   lmm_auc   gbm_auc lmm_slope gbm_slope
1     C1_N500_g0  500     0.0     0.0 0.7729196 0.7708028 0.9678502 0.9306907
2 C2_N500_g08_09  500     0.8     0.9 0.7796867 0.7731854 0.9876652 0.9012882
3      C3_N2k_g0 2000     0.0     0.0 0.7718113 0.7710411 0.9760509 0.9646295
4  C4_N2k_g08_09 2000     0.8     0.9 0.7869466 0.7859749 1.0243536 1.0032052
  lmm_intercept gbm_intercept  lmm_nb10  gbm_nb10  lmm_nb20  gbm_nb20
1   -0.04885488   0.002986159 0.7697531 0.7698272 0.7402222 0.7405000
2   -0.01518611   0.067334032 0.7758272 0.7758765 0.7475556 0.7472778
3    0.01789924   0.031200357 0.7763580 0.7763951 0.7482500 0.7480556
4   -0.02854286  -0.003223109 0.7755679 0.7756358 0.7476111 0.7477222
  lmm_coverage_slope gbm_coverage_slope mean_visits prevalence twin_delta_auc
1          0.4666667          0.4666667    6.057133  0.8015333  -0.0021167798
2          0.6000000          0.5666667    7.600667  0.8000000  -0.0065012990
3          0.8333333          0.8333333    6.044433  0.8000000  -0.0007702698
4          0.8333333          0.8666667    7.591500  0.7988000  -0.0009716663
  gbm_winrate_auc lmm_auc_sd gbm_auc_sd
1       0.3666667 0.04949712 0.04880988
2       0.3000000 0.05046059 0.04816018
3       0.3000000 0.02464527 0.02405206
4       0.4333333 0.01936854 0.01953307

[Counts] gbm_winrate per cell: C1_N500_g0=0.37 C2_N500_g08_09=0.30 C3_N2k_g0=0.30 C4_N2k_g08_09=0.43
[Decision cell C1_N500_g0] LMM cal_ok=TRUE (slope 0.97 int -0.05 cov 0.47) GBM cal_ok=TRUE (slope 0.93 int 0.00 cov 0.47) GBMwin 0.37 NB10 LMM 0.770 vs GBM 0.770 twin_delta -0.002 mean_visits 6.06
[Decision cell C2_N500_g08_09] LMM cal_ok=TRUE (slope 0.99 int -0.02 cov 0.60) GBM cal_ok=TRUE (slope 0.90 int 0.07 cov 0.57) GBMwin 0.30 NB10 LMM 0.776 vs GBM 0.776 twin_delta -0.007 mean_visits 7.60
[Decision cell C3_N2k_g0] LMM cal_ok=TRUE (slope 0.98 int 0.02 cov 0.83) GBM cal_ok=TRUE (slope 0.96 int 0.03 cov 0.83) GBMwin 0.30 NB10 LMM 0.776 vs GBM 0.776 twin_delta -0.001 mean_visits 6.04
[Decision cell C4_N2k_g08_09] LMM cal_ok=TRUE (slope 1.02 int -0.03 cov 0.83) GBM cal_ok=TRUE (slope 1.00 int -0.00 cov 0.87) GBMwin 0.43 NB10 LMM 0.776 vs GBM 0.776 twin_delta -0.001 mean_visits 7.59
[Saved] outputs/full_003_rep.csv rows 120
[Saved] outputs/full_003_cell.csv rows 4
Setting levels: control = 0, case = 1
Setting direction: controls < cases
Setting levels: control = 0, case = 1
Setting direction: controls < cases
[Cal stub] C1_N500_g0 lmm bins 10 mean_pred 0.809 obs 0.747
[Cal stub] C1_N500_g0 gbm bins 10 mean_pred 0.813 obs 0.747
Setting levels: control = 0, case = 1
Setting direction: controls < cases
Setting levels: control = 0, case = 1
Setting direction: controls < cases
[Cal stub] C2_N500_g08_09 lmm bins 10 mean_pred 0.802 obs 0.840
[Cal stub] C2_N500_g08_09 gbm bins 10 mean_pred 0.800 obs 0.840
Setting levels: control = 0, case = 1
Setting direction: controls < cases
Setting levels: control = 0, case = 1
Setting direction: controls < cases
[Cal stub] C3_N2k_g0 lmm bins 10 mean_pred 0.793 obs 0.773
[Cal stub] C3_N2k_g0 gbm bins 10 mean_pred 0.794 obs 0.773
Setting levels: control = 0, case = 1
Setting direction: controls < cases
Setting levels: control = 0, case = 1
Setting direction: controls < cases
[Cal stub] C4_N2k_g08_09 lmm bins 10 mean_pred 0.783 obs 0.783
[Cal stub] C4_N2k_g08_09 gbm bins 10 mean_pred 0.784 obs 0.783
[Saved] calibration stubs per cell
     N gamma_v   variant   lmm_auc   gbm_auc
1  500     0.0   outcome 0.7690871 0.7666984
2 2000     0.0   outcome 0.7729753 0.7717331
3  500     0.8   outcome 0.7783618 0.7715204
4 2000     0.8   outcome 0.7832577 0.7825637
5  500     0.0 treatment 0.7767522 0.7749072
6 2000     0.0 treatment 0.7706473 0.7703490
7  500     0.8 treatment 0.7810116 0.7748504
8 2000     0.8 treatment 0.7906355 0.7893862

[Twin delta] outcome vs treatment AUC diff per gamma
 N=500 gamma_v=0.0 treatment-outcome LMM diff 0.008 GBM diff 0.008
 N=500 gamma_v=0.8 treatment-outcome LMM diff 0.003 GBM diff 0.003
 N=2000 gamma_v=0.0 treatment-outcome LMM diff -0.002 GBM diff -0.001
 N=2000 gamma_v=0.8 treatment-outcome LMM diff 0.007 GBM diff 0.007

[Extrapolation] 4-cell×30=120 fits scaled from 16×200 (≈3200 datasets, ~22k model fits with Liang/JM sensitivity, 200-300 GPU-h). This scaled run proves hold-out pipeline + twin variant + winrate ladder; full 16-cell adds SNR/noisy, sparsity sweep, Liang EHRJoint, JMbayes2, GRU-D/SeFT.
[Verification] R 4.5.2 lme4 pROC TRUE hold-out train/test split (not in-sample) per Van Calster/Riley; no pkexec, ~/R/library used.
[Done] Full003 complete 120 fits hold-out logged, 4 cells x30 reps, 2variants cycled
