=== PILOT 005+006 — paired G0->G3 plasmode D-phase ===
Seed 20260830, 2026-08-30 15:26:24 IST, Python 3.11.15
Working dir: /home/shivam/Projects/medicalResearch/pilots/candidate_005_006

--- Step 1: Write audit-anchored G0->G3 table ---
            dimension                      parameter G0_MIMIC_ref_no_shift G1_Mild_lean_urban_India G2_Moderate_national_avg_MAIN G3_Severe_rural_Tripura                                                                             anchor_justification
           BMI (mean)                Mean BMI, kg/m2                  28.3                     26.0                          24.5                    22.8 MIMIC-IV mean ~28-29; ICMR-INDIAB gen obesity 28.6% -> thin-fat phenotype 10.25259/IJMR_328_2025
      MONO prevalence         BMI<25 ∩ ≥2/5 risks, %                     0                       18                          43.3                    56.7                                      Mohan IJMR 2025 PMC12550443 (national 43.3%, Tripura 56.7%)
         Age at event        Median CVD/T2D onset, y                    62                       58                            52                      48                      CARRS IJE 10.1093/ije/dyac122; MDRF Young Diabetes Registry (5-10y earlier)
    HbA1c measurement % eligible with HbA1c observed                    78                       55                            30                      15           MIMIC ~78% protocol; ICMR-INDIAB every-5th 20% -> real-world lower; Kaur/Khanna tables
Selective observation         P(test | asymptomatic)                  0.78                     0.45                          0.20                    0.20      Cost/availability gating; diagnosis 91.5% missing ED; vs P(test|sympt)=0.80 gating (severe)
  Generic prescribing                      Generic %                   100                       85                          64.9                     4.7                      Kaur Table2 64.9% (ED), Khanna Table2 4.7% (Medicine OPD) — 60-point spread
    AYUSH concomitant          Ever herbo-mineral, %                     0                       10                            44                      96                                   Galib AYU 10.4103/ayu.ayu_81_20 95.9%/44%; NSS 10-40% national
        Documentation          Diagnosis recorded, %                   100                       70                            29                     8.5                                                 Kaur Table3 8.5% (ED), Khanna 70->29% (Medicine)
         Polypharmacy         Drugs per prescription               1.8-2.0                     2.65                           4.5                     6.8                                                    Kaur 2.65±1.59, Khanna 6.8±1.7; 71% >=3 drugs
  wrote /home/shivam/Projects/medicalResearch/pilots/candidate_005_006/outputs/G0_G3_table.csv (9 rows)
  check BMI G0: 28.3 OK
  check BMI G3: 22.8 OK
  check MONO G0: 0 OK
  check MONO G3: 56.7 OK
  check Age G0: 62 OK
  check Age G3: 48 OK
  check HbA1c G0: 78 OK
  check HbA1c G3: 15 OK
  check Generic G0: 100 OK
  check Generic G3: 4.7 OK
  check AYUSH G0: 0 OK
  check AYUSH G3: 96 OK
  check Docs G0: 100 OK
  check Docs G3: 8.5 OK
  selective observation G2=0.20 G3=0.20 (expected 0.20)

--- Step 2: Synthetic MIMIC-like cohort N=5k, tilting & S_visit per grade ---
  base cohort: N=5000 mean BMI 28.33 age 61.9 mono 0.021
  G0: N=5000 bmi 28.33 mono 0.000 age 61.9 HbA1c obs 0.791 SMD_bmi -0.001 AUC 0.500 ESS/n 1.000 trim05 0.000 trim10 0.000
/home/shivam/.hermes/hermes-agent/venv/lib/python3.11/site-packages/sklearn/linear_model/_logistic.py:1403: FutureWarning: 'penalty' was deprecated in version 1.8 and will be removed in 1.10. To avoid this warning, leave 'penalty' set to its default value and use 'l1_ratio' or 'C' instead. Use l1_ratio=0 instead of penalty='l2', l1_ratio=1 instead of penalty='l1', l1_ratio set to a float between 0 and 1 instead of penalty='elasticnet', and C=np.inf instead of penalty=None.
  warnings.warn(
  G1: N=5000 bmi 26.03 mono 0.185 age 57.9 HbA1c obs 0.554 SMD_bmi -0.460 AUC 0.704 ESS/n 0.332 trim05 0.001 trim10 0.009
/home/shivam/.hermes/hermes-agent/venv/lib/python3.11/site-packages/sklearn/linear_model/_logistic.py:1403: FutureWarning: 'penalty' was deprecated in version 1.8 and will be removed in 1.10. To avoid this warning, leave 'penalty' set to its default value and use 'l1_ratio' or 'C' instead. Use l1_ratio=0 instead of penalty='l2', l1_ratio=1 instead of penalty='l1', l1_ratio set to a float between 0 and 1 instead of penalty='elasticnet', and C=np.inf instead of penalty=None.
  warnings.warn(
  G2: N=5000 bmi 24.53 mono 0.427 age 51.9 HbA1c obs 0.391 SMD_bmi -0.760 AUC 0.862 ESS/n 0.048 trim05 0.054 trim10 0.166
/home/shivam/.hermes/hermes-agent/venv/lib/python3.11/site-packages/sklearn/linear_model/_logistic.py:1403: FutureWarning: 'penalty' was deprecated in version 1.8 and will be removed in 1.10. To avoid this warning, leave 'penalty' set to its default value and use 'l1_ratio' or 'C' instead. Use l1_ratio=0 instead of penalty='l2', l1_ratio=1 instead of penalty='l1', l1_ratio set to a float between 0 and 1 instead of penalty='elasticnet', and C=np.inf instead of penalty=None.
  warnings.warn(
  G3: N=5000 bmi 22.82 mono 0.566 age 47.9 HbA1c obs 0.379 SMD_bmi -1.101 AUC 0.936 ESS/n 0.012 trim05 0.294 trim10 0.472

  wrote diagnostics to /home/shivam/Projects/medicalResearch/pilots/candidate_005_006/outputs/pilot_005_006_diagnostics.csv

--- Step 3: B->R* contour (R*~1.4-2.0 per RR_UD sweep) ---
                         scenario   p1   p0  RR_EU  RR_UD  B_bounding_factor  B_max_joint  Rstar  Rstar_Bmax                                                             interpretation
Generic non-compliance 35% excess 0.35 0.05   7.00    1.5              1.146        1.400  1.017       1.089                                            R*=1.02 outside typical 1.4-2.0
Generic non-compliance 35% excess 0.35 0.05   7.00    2.0              1.286        1.750  1.052       1.225                                            R*=1.05 outside typical 1.4-2.0
Generic non-compliance 35% excess 0.35 0.05   7.00    3.0              1.545        2.333  1.142       1.485                                            R*=1.14 outside typical 1.4-2.0
Generic Khanna extreme 95% excess 0.95 0.05  19.00    1.5              1.439        1.462  1.103       1.111                                            R*=1.10 outside typical 1.4-2.0
Generic Khanna extreme 95% excess 0.95 0.05  19.00    2.0              1.857        1.900  1.271       1.289                                            R*=1.27 outside typical 1.4-2.0
Generic Khanna extreme 95% excess 0.95 0.05  19.00    3.0              2.636        2.714  1.627       1.664 RR_obs > 1.63 survives this audit-anchored bias (B=2.64); R*~1.4-2.0 sweep
        Irrational FDC contrast A 0.20 0.02  10.00    1.5              1.089        1.429  1.007       1.099                                            R*=1.01 outside typical 1.4-2.0
        Irrational FDC contrast A 0.20 0.02  10.00    2.0              1.176        1.818  1.023       1.254                                            R*=1.02 outside typical 1.4-2.0
        Irrational FDC contrast A 0.20 0.02  10.00    3.0              1.346        2.500  1.071       1.562                                            R*=1.07 outside typical 1.4-2.0
    AYUSH 44% simultaneous median 0.44 0.10   4.40    1.5              1.162        1.347  1.020       1.071                                            R*=1.02 outside typical 1.4-2.0
    AYUSH 44% simultaneous median 0.44 0.10   4.40    2.0              1.309        1.630  1.059       1.175                                            R*=1.06 outside typical 1.4-2.0
    AYUSH 44% simultaneous median 0.44 0.10   4.40    3.0              1.567        2.062  1.151       1.361                                            R*=1.15 outside typical 1.4-2.0
           AYUSH 96% ever extreme 0.96 0.10   9.60    1.5              1.410        1.426  1.092       1.098                                            R*=1.09 outside typical 1.4-2.0
           AYUSH 96% ever extreme 0.96 0.10   9.60    2.0              1.782        1.811  1.238       1.251                                            R*=1.24 outside typical 1.4-2.0
           AYUSH 96% ever extreme 0.96 0.10   9.60    3.0              2.433        2.483  1.531       1.554 RR_obs > 1.53 survives this audit-anchored bias (B=2.43); R*~1.4-2.0 sweep
           Polypharmacy >=3 drugs 0.71 0.20   3.55    1.5              1.232        1.315  1.037       1.061                                            R*=1.04 outside typical 1.4-2.0
           Polypharmacy >=3 drugs 0.71 0.20   3.55    2.0              1.425        1.560  1.098       1.148                                            R*=1.10 outside typical 1.4-2.0
           Polypharmacy >=3 drugs 0.71 0.20   3.55    3.0              1.729        1.919  1.216       1.298                                            R*=1.22 outside typical 1.4-2.0
  wrote contour to /home/shivam/Projects/medicalResearch/pilots/candidate_005_006/outputs/pilot_005_006_Rstar_contour.csv (18 rows, R* range 1.01-1.63)

  At RR_UD=2.0 typical R*:                          scenario  Rstar
Generic non-compliance 35% excess  1.052
Generic Khanna extreme 95% excess  1.271
        Irrational FDC contrast A  1.023
    AYUSH 44% simultaneous median  1.059
           AYUSH 96% ever extreme  1.238
           Polypharmacy >=3 drugs  1.098

--- Step 4: 9-cell plasmode config (3xP(U) x 3xRR_UD) ---
 P_U  RR_UD   p1   p0     B  Rstar                 RR_true_options  n_per_cell                              false_robust_target                  power_fragile_target                                                               note
0.10    1.5 0.10 0.05 1.024  1.001 1.0 (null) vs 1.5 (alternative)        2000 <5% at calibrated R* (RR_true=1 declared robust) calibrates threshold conservativeness  P(U)=0.1 AYUSH background 0.10 (conservative) -> B=1.024 R*=1.001
0.10    2.0 0.10 0.05 1.048  1.002 1.0 (null) vs 1.5 (alternative)        2000 <5% at calibrated R* (RR_true=1 declared robust) calibrates threshold conservativeness  P(U)=0.1 AYUSH background 0.10 (conservative) -> B=1.048 R*=1.002
0.10    3.0 0.10 0.05 1.091  1.007 1.0 (null) vs 1.5 (alternative)        2000 <5% at calibrated R* (RR_true=1 declared robust) calibrates threshold conservativeness  P(U)=0.1 AYUSH background 0.10 (conservative) -> B=1.091 R*=1.007
0.44    1.5 0.44 0.10 1.162  1.020 1.0 (null) vs 1.5 (alternative)        2000 <5% at calibrated R* (RR_true=1 declared robust) calibrates threshold conservativeness P(U)=0.44 AYUSH background 0.10 (conservative) -> B=1.162 R*=1.020
0.44    2.0 0.44 0.10 1.309  1.059 1.0 (null) vs 1.5 (alternative)        2000 <5% at calibrated R* (RR_true=1 declared robust) calibrates threshold conservativeness P(U)=0.44 AYUSH background 0.10 (conservative) -> B=1.309 R*=1.059
0.44    3.0 0.44 0.10 1.567  1.151 1.0 (null) vs 1.5 (alternative)        2000 <5% at calibrated R* (RR_true=1 declared robust) calibrates threshold conservativeness P(U)=0.44 AYUSH background 0.10 (conservative) -> B=1.567 R*=1.151
0.96    1.5 0.96 0.10 1.410  1.092 1.0 (null) vs 1.5 (alternative)        2000 <5% at calibrated R* (RR_true=1 declared robust) calibrates threshold conservativeness P(U)=0.96 AYUSH background 0.10 (conservative) -> B=1.410 R*=1.092
0.96    2.0 0.96 0.10 1.782  1.238 1.0 (null) vs 1.5 (alternative)        2000 <5% at calibrated R* (RR_true=1 declared robust) calibrates threshold conservativeness P(U)=0.96 AYUSH background 0.10 (conservative) -> B=1.782 R*=1.238
0.96    3.0 0.96 0.10 2.433  1.531 1.0 (null) vs 1.5 (alternative)        2000 <5% at calibrated R* (RR_true=1 declared robust) calibrates threshold conservativeness P(U)=0.96 AYUSH background 0.10 (conservative) -> B=2.433 R*=1.531
  wrote 9-cell config to /home/shivam/Projects/medicalResearch/pilots/candidate_005_006/outputs/pilot_005_006_9cell_config.csv
  hash G0_G3_table.csv: sha256:7be94568e8f4
  hash pilot_005_006_diagnostics.csv: sha256:84f21c0cdd9e
  hash pilot_005_006_Rstar_contour.csv: sha256:40d77df9631d
  hash pilot_005_006_9cell_config.csv: sha256:f5ec6eed7c82

=== PILOT 005+006 COMPLETE ===
Outputs: /home/shivam/Projects/medicalResearch/pilots/candidate_005_006/outputs/G0_G3_table.csv, /home/shivam/Projects/medicalResearch/pilots/candidate_005_006/outputs/pilot_005_006_diagnostics.csv, /home/shivam/Projects/medicalResearch/pilots/candidate_005_006/outputs/pilot_005_006_Rstar_contour.csv, /home/shivam/Projects/medicalResearch/pilots/candidate_005_006/outputs/pilot_005_006_9cell_config.csv
Diagnostics grades: ['G0', 'G1', 'G2', 'G3'] S-score AUC range 0.500-0.936
R* range 1.01-1.63 typical 1.4-2.0
Log: /home/shivam/Projects/medicalResearch/pilots/candidate_005_006/logs/pilot_005_006.log
